// Jest Snapshot v1, https://goo.gl/fbAQLP

exports[`Signup should render correctly 1`] = `
<Connect(Form(Signup))
  destroyOnUnmount={true}
  enableReinitialize={true}
  forceUnregisterOnUnmount={false}
  form="signup"
  getFormState={[Function]}
  keepDirtyOnReinitialize={false}
  persistentSubmitErrors={false}
  pure={true}
  shouldAsyncValidate={[Function]}
  shouldError={[Function]}
  shouldValidate={[Function]}
  shouldWarn={[Function]}
  touchOnBlur={true}
  touchOnChange={false}
  updateUnregisteredFields={false}
  validate={[Function]}
/>
`;
